MPLINK 4.49, Linker
Linker Map File - Created Mon Mar 25 14:19:06 2019

                                 Section Info
                  Section       Type    Address   Location Size(Bytes)
                ---------  ---------  ---------  ---------  ---------
                   .org_0       code   0x000000    program   0x000000
                   .org_1       code   0x000000    program   0x000168
 .config_2007_ANIMACION.O       code   0x002007    program   0x000002
 .config_2008_ANIMACION.O       code   0x002008    program   0x000002



                              Program Memory Usage 
                               Start         End      
                           ---------   ---------      
                            0x000000    0x0000b3      
                            0x002007    0x002008      
            182 out of 8455 program addresses used, program memory utilization is 2%



                              Symbols - Sorted by Name
                     Name    Address   Location    Storage File                     
                ---------  ---------  ---------  --------- ---------                
                     AQUI   0x00007b    program     static C:\PIC_PROGS\Microcontroladores\MatrizAnimacion\Animacion.asm
                    BORRA   0x000062    program     static C:\PIC_PROGS\Microcontroladores\MatrizAnimacion\Animacion.asm
                   CPEQUE   0x000065    program     static C:\PIC_PROGS\Microcontroladores\MatrizAnimacion\Animacion.asm
                      C_A   0x0000ac    program     static C:\PIC_PROGS\Microcontroladores\MatrizAnimacion\Animacion.asm
                      C_B   0x0000aa    program     static C:\PIC_PROGS\Microcontroladores\MatrizAnimacion\Animacion.asm
                      C_C   0x0000a8    program     static C:\PIC_PROGS\Microcontroladores\MatrizAnimacion\Animacion.asm
                    DATOS   0x000064    program     static C:\PIC_PROGS\Microcontroladores\MatrizAnimacion\Animacion.asm
                    FILAS   0x00005f    program     static C:\PIC_PROGS\Microcontroladores\MatrizAnimacion\Animacion.asm
                   INICIO   0x000001    program     static C:\PIC_PROGS\Microcontroladores\MatrizAnimacion\Animacion.asm
                  MUESTRA   0x000079    program     static C:\PIC_PROGS\Microcontroladores\MatrizAnimacion\Animacion.asm
                  RETARDO   0x0000a6    program     static C:\PIC_PROGS\Microcontroladores\MatrizAnimacion\Animacion.asm
               SACANOMBRE   0x00001d    program     static C:\PIC_PROGS\Microcontroladores\MatrizAnimacion\Animacion.asm



                              Symbols - Sorted by Address
                     Name    Address   Location    Storage File                     
                ---------  ---------  ---------  --------- ---------                
                   INICIO   0x000001    program     static C:\PIC_PROGS\Microcontroladores\MatrizAnimacion\Animacion.asm
               SACANOMBRE   0x00001d    program     static C:\PIC_PROGS\Microcontroladores\MatrizAnimacion\Animacion.asm
                    FILAS   0x00005f    program     static C:\PIC_PROGS\Microcontroladores\MatrizAnimacion\Animacion.asm
                    BORRA   0x000062    program     static C:\PIC_PROGS\Microcontroladores\MatrizAnimacion\Animacion.asm
                    DATOS   0x000064    program     static C:\PIC_PROGS\Microcontroladores\MatrizAnimacion\Animacion.asm
                   CPEQUE   0x000065    program     static C:\PIC_PROGS\Microcontroladores\MatrizAnimacion\Animacion.asm
                  MUESTRA   0x000079    program     static C:\PIC_PROGS\Microcontroladores\MatrizAnimacion\Animacion.asm
                     AQUI   0x00007b    program     static C:\PIC_PROGS\Microcontroladores\MatrizAnimacion\Animacion.asm
                  RETARDO   0x0000a6    program     static C:\PIC_PROGS\Microcontroladores\MatrizAnimacion\Animacion.asm
                      C_C   0x0000a8    program     static C:\PIC_PROGS\Microcontroladores\MatrizAnimacion\Animacion.asm
                      C_B   0x0000aa    program     static C:\PIC_PROGS\Microcontroladores\MatrizAnimacion\Animacion.asm
                      C_A   0x0000ac    program     static C:\PIC_PROGS\Microcontroladores\MatrizAnimacion\Animacion.asm


