MPLINK 4.49, Linker
Linker Map File - Created Thu May 02 16:34:22 2019

                                 Section Info
                  Section       Type    Address   Location Size(Bytes)
                ---------  ---------  ---------  ---------  ---------
                   .org_0       code   0x000000    program   0x000000
                   .org_1       code   0x000000    program   0x0000f0
 .config_2007_SPIPRUEBA.O       code   0x002007    program   0x000002
 .config_2008_SPIPRUEBA.O       code   0x002008    program   0x000002



                              Program Memory Usage 
                               Start         End      
                           ---------   ---------      
                            0x000000    0x000077      
                            0x002007    0x002008      
            122 out of 8455 program addresses used, program memory utilization is 1%



                              Symbols - Sorted by Name
                     Name    Address   Location    Storage File                     
                ---------  ---------  ---------  --------- ---------                
                     MAIN   0x000025    program     static C:\PIC_PROGS\Microcontroladores\SPI\SPIPrueba\SPIPrueba.asm
                    R10MS   0x00006f    program     static C:\PIC_PROGS\Microcontroladores\SPI\SPIPrueba\SPIPrueba.asm
                      REC   0x00006a    program     static C:\PIC_PROGS\Microcontroladores\SPI\SPIPrueba\SPIPrueba.asm
                     SEND   0x000061    program     static C:\PIC_PROGS\Microcontroladores\SPI\SPIPrueba\SPIPrueba.asm



                              Symbols - Sorted by Address
                     Name    Address   Location    Storage File                     
                ---------  ---------  ---------  --------- ---------                
                     MAIN   0x000025    program     static C:\PIC_PROGS\Microcontroladores\SPI\SPIPrueba\SPIPrueba.asm
                     SEND   0x000061    program     static C:\PIC_PROGS\Microcontroladores\SPI\SPIPrueba\SPIPrueba.asm
                      REC   0x00006a    program     static C:\PIC_PROGS\Microcontroladores\SPI\SPIPrueba\SPIPrueba.asm
                    R10MS   0x00006f    program     static C:\PIC_PROGS\Microcontroladores\SPI\SPIPrueba\SPIPrueba.asm


