MPLINK 4.49, Linker
Linker Map File - Created Wed Feb 20 20:21:19 2019

                                 Section Info
                  Section       Type    Address   Location Size(Bytes)
                ---------  ---------  ---------  ---------  ---------
                   .org_0       code   0x000000    program   0x000000
                   .org_1       code   0x000000    program   0x0000aa
     .config_2007_MOTOR.O       code   0x002007    program   0x000002
     .config_2008_MOTOR.O       code   0x002008    program   0x000002



                              Program Memory Usage 
                               Start         End      
                           ---------   ---------      
                            0x000000    0x000054      
                            0x002007    0x002008      
            87 out of 8455 program addresses used, program memory utilization is 1%



                              Symbols - Sorted by Name
                     Name    Address   Location    Storage File                     
                ---------  ---------  ---------  --------- ---------                
                      ACX   0x00002a    program     static C:\PIC_PROGS\P2ASM\motor.asm
                     AW01   0x000029    program     static C:\PIC_PROGS\P2ASM\motor.asm
                     AW02   0x000027    program     static C:\PIC_PROGS\P2ASM\motor.asm
                     AW04   0x000025    program     static C:\PIC_PROGS\P2ASM\motor.asm
                     AW08   0x000023    program     static C:\PIC_PROGS\P2ASM\motor.asm
                     AW16   0x000021    program     static C:\PIC_PROGS\P2ASM\motor.asm
                       CP   0x00000e    program     static C:\PIC_PROGS\P2ASM\motor.asm
                      CVA   0x00004d    program     static C:\PIC_PROGS\P2ASM\motor.asm
                      CVB   0x00004b    program     static C:\PIC_PROGS\P2ASM\motor.asm
                      CVC   0x000049    program     static C:\PIC_PROGS\P2ASM\motor.asm
                      DIR   0x00002b    program     static C:\PIC_PROGS\P2ASM\motor.asm
                      RET   0x000047    program     static C:\PIC_PROGS\P2ASM\motor.asm
                     SINV   0x00003a    program     static C:\PIC_PROGS\P2ASM\motor.asm



                              Symbols - Sorted by Address
                     Name    Address   Location    Storage File                     
                ---------  ---------  ---------  --------- ---------                
                       CP   0x00000e    program     static C:\PIC_PROGS\P2ASM\motor.asm
                     AW16   0x000021    program     static C:\PIC_PROGS\P2ASM\motor.asm
                     AW08   0x000023    program     static C:\PIC_PROGS\P2ASM\motor.asm
                     AW04   0x000025    program     static C:\PIC_PROGS\P2ASM\motor.asm
                     AW02   0x000027    program     static C:\PIC_PROGS\P2ASM\motor.asm
                     AW01   0x000029    program     static C:\PIC_PROGS\P2ASM\motor.asm
                      ACX   0x00002a    program     static C:\PIC_PROGS\P2ASM\motor.asm
                      DIR   0x00002b    program     static C:\PIC_PROGS\P2ASM\motor.asm
                     SINV   0x00003a    program     static C:\PIC_PROGS\P2ASM\motor.asm
                      RET   0x000047    program     static C:\PIC_PROGS\P2ASM\motor.asm
                      CVC   0x000049    program     static C:\PIC_PROGS\P2ASM\motor.asm
                      CVB   0x00004b    program     static C:\PIC_PROGS\P2ASM\motor.asm
                      CVA   0x00004d    program     static C:\PIC_PROGS\P2ASM\motor.asm


