MPLINK 4.49, Linker
Linker Map File - Created Wed Apr 03 20:23:52 2019

                                 Section Info
                  Section       Type    Address   Location Size(Bytes)
                ---------  ---------  ---------  ---------  ---------
                   .org_0       code   0x000000    program   0x000000
                   .org_1       code   0x000000    program   0x00007a
       .config_2007_PWM.O       code   0x002007    program   0x000002
       .config_2008_PWM.O       code   0x002008    program   0x000002



                              Program Memory Usage 
                               Start         End      
                           ---------   ---------      
                            0x000000    0x00003c      
                            0x002007    0x002008      
            63 out of 8455 program addresses used, program memory utilization is 0%



                              Symbols - Sorted by Name
                     Name    Address   Location    Storage File                     
                ---------  ---------  ---------  --------- ---------                
                     CI_A   0x000037    program     static C:\PIC_PROGS\Microcontroladores\PWM\pwm.asm
                     CI_B   0x000035    program     static C:\PIC_PROGS\Microcontroladores\PWM\pwm.asm
                      C_P   0x00001f    program     static C:\PIC_PROGS\Microcontroladores\PWM\pwm.asm
                     E_C0   0x000023    program     static C:\PIC_PROGS\Microcontroladores\PWM\pwm.asm
                     E_C1   0x00002c    program     static C:\PIC_PROGS\Microcontroladores\PWM\pwm.asm
                     E_IP   0x00001d    program     static C:\PIC_PROGS\Microcontroladores\PWM\pwm.asm
                      RET   0x000033    program     static C:\PIC_PROGS\Microcontroladores\PWM\pwm.asm



                              Symbols - Sorted by Address
                     Name    Address   Location    Storage File                     
                ---------  ---------  ---------  --------- ---------                
                     E_IP   0x00001d    program     static C:\PIC_PROGS\Microcontroladores\PWM\pwm.asm
                      C_P   0x00001f    program     static C:\PIC_PROGS\Microcontroladores\PWM\pwm.asm
                     E_C0   0x000023    program     static C:\PIC_PROGS\Microcontroladores\PWM\pwm.asm
                     E_C1   0x00002c    program     static C:\PIC_PROGS\Microcontroladores\PWM\pwm.asm
                      RET   0x000033    program     static C:\PIC_PROGS\Microcontroladores\PWM\pwm.asm
                     CI_B   0x000035    program     static C:\PIC_PROGS\Microcontroladores\PWM\pwm.asm
                     CI_A   0x000037    program     static C:\PIC_PROGS\Microcontroladores\PWM\pwm.asm


