MPLINK 4.49, Linker
Linker Map File - Created Mon Mar 11 20:10:00 2019

                                 Section Info
                  Section       Type    Address   Location Size(Bytes)
                ---------  ---------  ---------  ---------  ---------
                   .org_0       code   0x000000    program   0x000000
                   .org_1       code   0x000000    program   0x000078
    .config_2007_MULDIV.O       code   0x002007    program   0x000002
    .config_2008_MULDIV.O       code   0x002008    program   0x000002



                              Program Memory Usage 
                               Start         End      
                           ---------   ---------      
                            0x000000    0x00003b      
                            0x002007    0x002008      
            62 out of 8455 program addresses used, program memory utilization is 0%



                              Symbols - Sorted by Name
                     Name    Address   Location    Storage File                     
                ---------  ---------  ---------  --------- ---------                
                     CERO   0x000019    program     static C:\PIC_PROGS\Microcontroladores\OperacionesAlgebraicas\MulDiv.asm
                      DIV   0x000033    program     static C:\PIC_PROGS\Microcontroladores\OperacionesAlgebraicas\MulDiv.asm
                     MAIN   0x000010    program     static C:\PIC_PROGS\Microcontroladores\OperacionesAlgebraicas\MulDiv.asm
                    MAYOR   0x000021    program     static C:\PIC_PROGS\Microcontroladores\OperacionesAlgebraicas\MulDiv.asm
                  MOSTRAR   0x000039    program     static C:\PIC_PROGS\Microcontroladores\OperacionesAlgebraicas\MulDiv.asm
                      MUL   0x00002e    program     static C:\PIC_PROGS\Microcontroladores\OperacionesAlgebraicas\MulDiv.asm
                     NA_M   0x00002a    program     static C:\PIC_PROGS\Microcontroladores\OperacionesAlgebraicas\MulDiv.asm
                 SELECTOR   0x00001f    program     static C:\PIC_PROGS\Microcontroladores\OperacionesAlgebraicas\MulDiv.asm



                              Symbols - Sorted by Address
                     Name    Address   Location    Storage File                     
                ---------  ---------  ---------  --------- ---------                
                     MAIN   0x000010    program     static C:\PIC_PROGS\Microcontroladores\OperacionesAlgebraicas\MulDiv.asm
                     CERO   0x000019    program     static C:\PIC_PROGS\Microcontroladores\OperacionesAlgebraicas\MulDiv.asm
                 SELECTOR   0x00001f    program     static C:\PIC_PROGS\Microcontroladores\OperacionesAlgebraicas\MulDiv.asm
                    MAYOR   0x000021    program     static C:\PIC_PROGS\Microcontroladores\OperacionesAlgebraicas\MulDiv.asm
                     NA_M   0x00002a    program     static C:\PIC_PROGS\Microcontroladores\OperacionesAlgebraicas\MulDiv.asm
                      MUL   0x00002e    program     static C:\PIC_PROGS\Microcontroladores\OperacionesAlgebraicas\MulDiv.asm
                      DIV   0x000033    program     static C:\PIC_PROGS\Microcontroladores\OperacionesAlgebraicas\MulDiv.asm
                  MOSTRAR   0x000039    program     static C:\PIC_PROGS\Microcontroladores\OperacionesAlgebraicas\MulDiv.asm


