MPLINK 4.49, Linker
Linker Map File - Created Sun Mar 10 23:46:17 2019

                                 Section Info
                  Section       Type    Address   Location Size(Bytes)
                ---------  ---------  ---------  ---------  ---------
                   .org_0       code   0x000000    program   0x000000
                   .org_1       code   0x000000    program   0x00016c
.config_2007_PRUEBAMULTIPLY.O       code   0x002007    program   0x000002
.config_2008_PRUEBAMULTIPLY.O       code   0x002008    program   0x000002



                              Program Memory Usage 
                               Start         End      
                           ---------   ---------      
                            0x000000    0x0000b5      
                            0x002007    0x002008      
            184 out of 8455 program addresses used, program memory utilization is 2%



                              Symbols - Sorted by Name
                     Name    Address   Location    Storage File                     
                ---------  ---------  ---------  --------- ---------                
            COLORAMARILLO   0x00003c    program     static C:\PIC_PROGS\Microcontroladores\DetectorColor\PruebaMultiply.asm
                COLORAZUL   0x000060    program     static C:\PIC_PROGS\Microcontroladores\DetectorColor\PruebaMultiply.asm
              COLORMORADO   0x000072    program     static C:\PIC_PROGS\Microcontroladores\DetectorColor\PruebaMultiply.asm
             COLORNARANJA   0x00002a    program     static C:\PIC_PROGS\Microcontroladores\DetectorColor\PruebaMultiply.asm
                COLORROJO   0x000018    program     static C:\PIC_PROGS\Microcontroladores\DetectorColor\PruebaMultiply.asm
               COLORVERDE   0x00004e    program     static C:\PIC_PROGS\Microcontroladores\DetectorColor\PruebaMultiply.asm
                     CT08   0x0000a2    program     static C:\PIC_PROGS\Microcontroladores\DetectorColor\PruebaMultiply.asm
                     CT64   0x0000b0    program     static C:\PIC_PROGS\Microcontroladores\DetectorColor\PruebaMultiply.asm
                     DESB   0x0000b1    program     static C:\PIC_PROGS\Microcontroladores\DetectorColor\PruebaMultiply.asm
                     E64I   0x0000a3    program     static C:\PIC_PROGS\Microcontroladores\DetectorColor\PruebaMultiply.asm
                     EV64   0x00009d    program     static C:\PIC_PROGS\Microcontroladores\DetectorColor\PruebaMultiply.asm
                    FINAL   0x0000ad    program     static C:\PIC_PROGS\Microcontroladores\DetectorColor\PruebaMultiply.asm
             LOOPAMARILLO   0x00003e    program     static C:\PIC_PROGS\Microcontroladores\DetectorColor\PruebaMultiply.asm
                 LOOPAZUL   0x000062    program     static C:\PIC_PROGS\Microcontroladores\DetectorColor\PruebaMultiply.asm
               LOOPMORADO   0x000074    program     static C:\PIC_PROGS\Microcontroladores\DetectorColor\PruebaMultiply.asm
              LOOPNARANJA   0x00002c    program     static C:\PIC_PROGS\Microcontroladores\DetectorColor\PruebaMultiply.asm
                 LOOPROJO   0x00001a    program     static C:\PIC_PROGS\Microcontroladores\DetectorColor\PruebaMultiply.asm
                LOOPVERDE   0x000050    program     static C:\PIC_PROGS\Microcontroladores\DetectorColor\PruebaMultiply.asm
                     MAIN   0x000010    program     static C:\PIC_PROGS\Microcontroladores\DetectorColor\PruebaMultiply.asm
                     NADA   0x0000aa    program     static C:\PIC_PROGS\Microcontroladores\DetectorColor\PruebaMultiply.asm
                    RT01S   0x0000a0    program     static C:\PIC_PROGS\Microcontroladores\DetectorColor\PruebaMultiply.asm
                    R_Xms   0x0000a8    program     static C:\PIC_PROGS\Microcontroladores\DetectorColor\PruebaMultiply.asm
                   SENSOR   0x000084    program     static C:\PIC_PROGS\Microcontroladores\DetectorColor\PruebaMultiply.asm
                     STOP   0x000098    program     static C:\PIC_PROGS\Microcontroladores\DetectorColor\PruebaMultiply.asm
               SampleTime   0x000013    program     static C:\PIC_PROGS\Microcontroladores\DetectorColor\PruebaMultiply.asm
                      Sen   0x000092    program     static C:\PIC_PROGS\Microcontroladores\DetectorColor\PruebaMultiply.asm
                   TIEMPO   0x00009c    program     static C:\PIC_PROGS\Microcontroladores\DetectorColor\PruebaMultiply.asm



                              Symbols - Sorted by Address
                     Name    Address   Location    Storage File                     
                ---------  ---------  ---------  --------- ---------                
                     MAIN   0x000010    program     static C:\PIC_PROGS\Microcontroladores\DetectorColor\PruebaMultiply.asm
               SampleTime   0x000013    program     static C:\PIC_PROGS\Microcontroladores\DetectorColor\PruebaMultiply.asm
                COLORROJO   0x000018    program     static C:\PIC_PROGS\Microcontroladores\DetectorColor\PruebaMultiply.asm
                 LOOPROJO   0x00001a    program     static C:\PIC_PROGS\Microcontroladores\DetectorColor\PruebaMultiply.asm
             COLORNARANJA   0x00002a    program     static C:\PIC_PROGS\Microcontroladores\DetectorColor\PruebaMultiply.asm
              LOOPNARANJA   0x00002c    program     static C:\PIC_PROGS\Microcontroladores\DetectorColor\PruebaMultiply.asm
            COLORAMARILLO   0x00003c    program     static C:\PIC_PROGS\Microcontroladores\DetectorColor\PruebaMultiply.asm
             LOOPAMARILLO   0x00003e    program     static C:\PIC_PROGS\Microcontroladores\DetectorColor\PruebaMultiply.asm
               COLORVERDE   0x00004e    program     static C:\PIC_PROGS\Microcontroladores\DetectorColor\PruebaMultiply.asm
                LOOPVERDE   0x000050    program     static C:\PIC_PROGS\Microcontroladores\DetectorColor\PruebaMultiply.asm
                COLORAZUL   0x000060    program     static C:\PIC_PROGS\Microcontroladores\DetectorColor\PruebaMultiply.asm
                 LOOPAZUL   0x000062    program     static C:\PIC_PROGS\Microcontroladores\DetectorColor\PruebaMultiply.asm
              COLORMORADO   0x000072    program     static C:\PIC_PROGS\Microcontroladores\DetectorColor\PruebaMultiply.asm
               LOOPMORADO   0x000074    program     static C:\PIC_PROGS\Microcontroladores\DetectorColor\PruebaMultiply.asm
                   SENSOR   0x000084    program     static C:\PIC_PROGS\Microcontroladores\DetectorColor\PruebaMultiply.asm
                      Sen   0x000092    program     static C:\PIC_PROGS\Microcontroladores\DetectorColor\PruebaMultiply.asm
                     STOP   0x000098    program     static C:\PIC_PROGS\Microcontroladores\DetectorColor\PruebaMultiply.asm
                   TIEMPO   0x00009c    program     static C:\PIC_PROGS\Microcontroladores\DetectorColor\PruebaMultiply.asm
                     EV64   0x00009d    program     static C:\PIC_PROGS\Microcontroladores\DetectorColor\PruebaMultiply.asm
                    RT01S   0x0000a0    program     static C:\PIC_PROGS\Microcontroladores\DetectorColor\PruebaMultiply.asm
                     CT08   0x0000a2    program     static C:\PIC_PROGS\Microcontroladores\DetectorColor\PruebaMultiply.asm
                     E64I   0x0000a3    program     static C:\PIC_PROGS\Microcontroladores\DetectorColor\PruebaMultiply.asm
                    R_Xms   0x0000a8    program     static C:\PIC_PROGS\Microcontroladores\DetectorColor\PruebaMultiply.asm
                     NADA   0x0000aa    program     static C:\PIC_PROGS\Microcontroladores\DetectorColor\PruebaMultiply.asm
                    FINAL   0x0000ad    program     static C:\PIC_PROGS\Microcontroladores\DetectorColor\PruebaMultiply.asm
                     CT64   0x0000b0    program     static C:\PIC_PROGS\Microcontroladores\DetectorColor\PruebaMultiply.asm
                     DESB   0x0000b1    program     static C:\PIC_PROGS\Microcontroladores\DetectorColor\PruebaMultiply.asm


