MPLINK 4.49, Linker
Linker Map File - Created Mon Mar 11 18:04:22 2019

                                 Section Info
                  Section       Type    Address   Location Size(Bytes)
                ---------  ---------  ---------  ---------  ---------
                   .org_0       code   0x000000    program   0x000000
                   .org_1       code   0x000000    program   0x0001e0
.config_2007_PRUEBAMULTIPLY.O       code   0x002007    program   0x000002
.config_2008_PRUEBAMULTIPLY.O       code   0x002008    program   0x000002



                              Program Memory Usage 
                               Start         End      
                           ---------   ---------      
                            0x000000    0x0000ef      
                            0x002007    0x002008      
            242 out of 8455 program addresses used, program memory utilization is 2%



                              Symbols - Sorted by Name
                     Name    Address   Location    Storage File                     
                ---------  ---------  ---------  --------- ---------                
            COLORAMARILLO   0x00007b    program     static C:\PIC_PROGS\Microcontroladores\DetectorColor\PruebaMultiply.asm
                COLORAZUL   0x00009f    program     static C:\PIC_PROGS\Microcontroladores\DetectorColor\PruebaMultiply.asm
              COLORBLANCO   0x000045    program     static C:\PIC_PROGS\Microcontroladores\DetectorColor\PruebaMultiply.asm
              COLORMORADO   0x0000b1    program     static C:\PIC_PROGS\Microcontroladores\DetectorColor\PruebaMultiply.asm
             COLORNARANJA   0x000069    program     static C:\PIC_PROGS\Microcontroladores\DetectorColor\PruebaMultiply.asm
               COLORNEGRO   0x000043    program     static C:\PIC_PROGS\Microcontroladores\DetectorColor\PruebaMultiply.asm
                COLORROJO   0x000057    program     static C:\PIC_PROGS\Microcontroladores\DetectorColor\PruebaMultiply.asm
               COLORVERDE   0x00008d    program     static C:\PIC_PROGS\Microcontroladores\DetectorColor\PruebaMultiply.asm
              COMPARACION   0x000022    program     static C:\PIC_PROGS\Microcontroladores\DetectorColor\PruebaMultiply.asm
                     CT64   0x0000e5    program     static C:\PIC_PROGS\Microcontroladores\DetectorColor\PruebaMultiply.asm
                     DESB   0x0000e6    program     static C:\PIC_PROGS\Microcontroladores\DetectorColor\PruebaMultiply.asm
                    FINAL   0x0000e2    program     static C:\PIC_PROGS\Microcontroladores\DetectorColor\PruebaMultiply.asm
             LOOPAMARILLO   0x00007d    program     static C:\PIC_PROGS\Microcontroladores\DetectorColor\PruebaMultiply.asm
                 LOOPAZUL   0x0000a1    program     static C:\PIC_PROGS\Microcontroladores\DetectorColor\PruebaMultiply.asm
               LOOPBLANCO   0x000047    program     static C:\PIC_PROGS\Microcontroladores\DetectorColor\PruebaMultiply.asm
               LOOPMORADO   0x0000b3    program     static C:\PIC_PROGS\Microcontroladores\DetectorColor\PruebaMultiply.asm
              LOOPNARANJA   0x00006b    program     static C:\PIC_PROGS\Microcontroladores\DetectorColor\PruebaMultiply.asm
                 LOOPROJO   0x000059    program     static C:\PIC_PROGS\Microcontroladores\DetectorColor\PruebaMultiply.asm
                LOOPVERDE   0x00008f    program     static C:\PIC_PROGS\Microcontroladores\DetectorColor\PruebaMultiply.asm
                     MAIN   0x000014    program     static C:\PIC_PROGS\Microcontroladores\DetectorColor\PruebaMultiply.asm
                     NADA   0x0000df    program     static C:\PIC_PROGS\Microcontroladores\DetectorColor\PruebaMultiply.asm
                    R_Xms   0x0000dd    program     static C:\PIC_PROGS\Microcontroladores\DetectorColor\PruebaMultiply.asm
                   SENSOR   0x0000c3    program     static C:\PIC_PROGS\Microcontroladores\DetectorColor\PruebaMultiply.asm
                     STOP   0x0000d9    program     static C:\PIC_PROGS\Microcontroladores\DetectorColor\PruebaMultiply.asm
               SampleTime   0x0000eb    program     static C:\PIC_PROGS\Microcontroladores\DetectorColor\PruebaMultiply.asm
                      Sen   0x0000d2    program     static C:\PIC_PROGS\Microcontroladores\DetectorColor\PruebaMultiply.asm



                              Symbols - Sorted by Address
                     Name    Address   Location    Storage File                     
                ---------  ---------  ---------  --------- ---------                
                     MAIN   0x000014    program     static C:\PIC_PROGS\Microcontroladores\DetectorColor\PruebaMultiply.asm
              COMPARACION   0x000022    program     static C:\PIC_PROGS\Microcontroladores\DetectorColor\PruebaMultiply.asm
               COLORNEGRO   0x000043    program     static C:\PIC_PROGS\Microcontroladores\DetectorColor\PruebaMultiply.asm
              COLORBLANCO   0x000045    program     static C:\PIC_PROGS\Microcontroladores\DetectorColor\PruebaMultiply.asm
               LOOPBLANCO   0x000047    program     static C:\PIC_PROGS\Microcontroladores\DetectorColor\PruebaMultiply.asm
                COLORROJO   0x000057    program     static C:\PIC_PROGS\Microcontroladores\DetectorColor\PruebaMultiply.asm
                 LOOPROJO   0x000059    program     static C:\PIC_PROGS\Microcontroladores\DetectorColor\PruebaMultiply.asm
             COLORNARANJA   0x000069    program     static C:\PIC_PROGS\Microcontroladores\DetectorColor\PruebaMultiply.asm
              LOOPNARANJA   0x00006b    program     static C:\PIC_PROGS\Microcontroladores\DetectorColor\PruebaMultiply.asm
            COLORAMARILLO   0x00007b    program     static C:\PIC_PROGS\Microcontroladores\DetectorColor\PruebaMultiply.asm
             LOOPAMARILLO   0x00007d    program     static C:\PIC_PROGS\Microcontroladores\DetectorColor\PruebaMultiply.asm
               COLORVERDE   0x00008d    program     static C:\PIC_PROGS\Microcontroladores\DetectorColor\PruebaMultiply.asm
                LOOPVERDE   0x00008f    program     static C:\PIC_PROGS\Microcontroladores\DetectorColor\PruebaMultiply.asm
                COLORAZUL   0x00009f    program     static C:\PIC_PROGS\Microcontroladores\DetectorColor\PruebaMultiply.asm
                 LOOPAZUL   0x0000a1    program     static C:\PIC_PROGS\Microcontroladores\DetectorColor\PruebaMultiply.asm
              COLORMORADO   0x0000b1    program     static C:\PIC_PROGS\Microcontroladores\DetectorColor\PruebaMultiply.asm
               LOOPMORADO   0x0000b3    program     static C:\PIC_PROGS\Microcontroladores\DetectorColor\PruebaMultiply.asm
                   SENSOR   0x0000c3    program     static C:\PIC_PROGS\Microcontroladores\DetectorColor\PruebaMultiply.asm
                      Sen   0x0000d2    program     static C:\PIC_PROGS\Microcontroladores\DetectorColor\PruebaMultiply.asm
                     STOP   0x0000d9    program     static C:\PIC_PROGS\Microcontroladores\DetectorColor\PruebaMultiply.asm
                    R_Xms   0x0000dd    program     static C:\PIC_PROGS\Microcontroladores\DetectorColor\PruebaMultiply.asm
                     NADA   0x0000df    program     static C:\PIC_PROGS\Microcontroladores\DetectorColor\PruebaMultiply.asm
                    FINAL   0x0000e2    program     static C:\PIC_PROGS\Microcontroladores\DetectorColor\PruebaMultiply.asm
                     CT64   0x0000e5    program     static C:\PIC_PROGS\Microcontroladores\DetectorColor\PruebaMultiply.asm
                     DESB   0x0000e6    program     static C:\PIC_PROGS\Microcontroladores\DetectorColor\PruebaMultiply.asm
               SampleTime   0x0000eb    program     static C:\PIC_PROGS\Microcontroladores\DetectorColor\PruebaMultiply.asm


