MPLINK 4.49, Linker
Linker Map File - Created Mon Mar 25 20:08:53 2019

                                 Section Info
                  Section       Type    Address   Location Size(Bytes)
                ---------  ---------  ---------  ---------  ---------
                   .org_0       code   0x000000    program   0x000000
                   .org_1       code   0x000000    program   0x0000cc
.config_2007_DESCENDENTE.O       code   0x002007    program   0x000002
.config_2008_DESCENDENTE.O       code   0x002008    program   0x000002



                              Program Memory Usage 
                               Start         End      
                           ---------   ---------      
                            0x000000    0x000065      
                            0x002007    0x002008      
            104 out of 8455 program addresses used, program memory utilization is 1%



                              Symbols - Sorted by Name
                     Name    Address   Location    Storage File                     
                ---------  ---------  ---------  --------- ---------                
                      C8P   0x000042    program     static C:\PIC_PROGS\Microcontroladores\ContadorDisplay\descendente.asm
                     CI_A   0x000060    program     static C:\PIC_PROGS\Microcontroladores\ContadorDisplay\descendente.asm
                     CI_B   0x00005e    program     static C:\PIC_PROGS\Microcontroladores\ContadorDisplay\descendente.asm
                      C_C   0x00000e    program     static C:\PIC_PROGS\Microcontroladores\ContadorDisplay\descendente.asm
                      C_D   0x00000f    program     static C:\PIC_PROGS\Microcontroladores\ContadorDisplay\descendente.asm
                      C_M   0x00000d    program     static C:\PIC_PROGS\Microcontroladores\ContadorDisplay\descendente.asm
                      C_P   0x000013    program     static C:\PIC_PROGS\Microcontroladores\ContadorDisplay\descendente.asm
                     C_PX   0x000011    program     static C:\PIC_PROGS\Microcontroladores\ContadorDisplay\descendente.asm
                      C_U   0x000010    program     static C:\PIC_PROGS\Microcontroladores\ContadorDisplay\descendente.asm
                     R4MS   0x00005c    program     static C:\PIC_PROGS\Microcontroladores\ContadorDisplay\descendente.asm
                      T7S   0x000051    program     static C:\PIC_PROGS\Microcontroladores\ContadorDisplay\descendente.asm



                              Symbols - Sorted by Address
                     Name    Address   Location    Storage File                     
                ---------  ---------  ---------  --------- ---------                
                      C_M   0x00000d    program     static C:\PIC_PROGS\Microcontroladores\ContadorDisplay\descendente.asm
                      C_C   0x00000e    program     static C:\PIC_PROGS\Microcontroladores\ContadorDisplay\descendente.asm
                      C_D   0x00000f    program     static C:\PIC_PROGS\Microcontroladores\ContadorDisplay\descendente.asm
                      C_U   0x000010    program     static C:\PIC_PROGS\Microcontroladores\ContadorDisplay\descendente.asm
                     C_PX   0x000011    program     static C:\PIC_PROGS\Microcontroladores\ContadorDisplay\descendente.asm
                      C_P   0x000013    program     static C:\PIC_PROGS\Microcontroladores\ContadorDisplay\descendente.asm
                      C8P   0x000042    program     static C:\PIC_PROGS\Microcontroladores\ContadorDisplay\descendente.asm
                      T7S   0x000051    program     static C:\PIC_PROGS\Microcontroladores\ContadorDisplay\descendente.asm
                     R4MS   0x00005c    program     static C:\PIC_PROGS\Microcontroladores\ContadorDisplay\descendente.asm
                     CI_B   0x00005e    program     static C:\PIC_PROGS\Microcontroladores\ContadorDisplay\descendente.asm
                     CI_A   0x000060    program     static C:\PIC_PROGS\Microcontroladores\ContadorDisplay\descendente.asm


