MPLINK 4.49, Linker
Linker Map File - Created Mon Mar 25 20:15:46 2019

                                 Section Info
                  Section       Type    Address   Location Size(Bytes)
                ---------  ---------  ---------  ---------  ---------
                   .org_0       code   0x000000    program   0x000000
                   .org_1       code   0x000000    program   0x0000b0
     .config_2007_RELOJ.O       code   0x002007    program   0x000002
     .config_2008_RELOJ.O       code   0x002008    program   0x000002



                              Program Memory Usage 
                               Start         End      
                           ---------   ---------      
                            0x000000    0x000057      
                            0x002007    0x002008      
            90 out of 8455 program addresses used, program memory utilization is 1%



                              Symbols - Sorted by Name
                     Name    Address   Location    Storage File                     
                ---------  ---------  ---------  --------- ---------                
                     CI_A   0x000052    program     static C:\PIC_PROGS\Microcontroladores\ContadorDisplay\reloj.asm
                     CI_B   0x000050    program     static C:\PIC_PROGS\Microcontroladores\ContadorDisplay\reloj.asm
                      C_C   0x00000e    program     static C:\PIC_PROGS\Microcontroladores\ContadorDisplay\reloj.asm
                      C_D   0x00000f    program     static C:\PIC_PROGS\Microcontroladores\ContadorDisplay\reloj.asm
                      C_M   0x00000d    program     static C:\PIC_PROGS\Microcontroladores\ContadorDisplay\reloj.asm
                      C_P   0x000013    program     static C:\PIC_PROGS\Microcontroladores\ContadorDisplay\reloj.asm
                     C_PX   0x000011    program     static C:\PIC_PROGS\Microcontroladores\ContadorDisplay\reloj.asm
                      C_U   0x000010    program     static C:\PIC_PROGS\Microcontroladores\ContadorDisplay\reloj.asm
                      RET   0x00004e    program     static C:\PIC_PROGS\Microcontroladores\ContadorDisplay\reloj.asm
                      T7S   0x000043    program     static C:\PIC_PROGS\Microcontroladores\ContadorDisplay\reloj.asm



                              Symbols - Sorted by Address
                     Name    Address   Location    Storage File                     
                ---------  ---------  ---------  --------- ---------                
                      C_M   0x00000d    program     static C:\PIC_PROGS\Microcontroladores\ContadorDisplay\reloj.asm
                      C_C   0x00000e    program     static C:\PIC_PROGS\Microcontroladores\ContadorDisplay\reloj.asm
                      C_D   0x00000f    program     static C:\PIC_PROGS\Microcontroladores\ContadorDisplay\reloj.asm
                      C_U   0x000010    program     static C:\PIC_PROGS\Microcontroladores\ContadorDisplay\reloj.asm
                     C_PX   0x000011    program     static C:\PIC_PROGS\Microcontroladores\ContadorDisplay\reloj.asm
                      C_P   0x000013    program     static C:\PIC_PROGS\Microcontroladores\ContadorDisplay\reloj.asm
                      T7S   0x000043    program     static C:\PIC_PROGS\Microcontroladores\ContadorDisplay\reloj.asm
                      RET   0x00004e    program     static C:\PIC_PROGS\Microcontroladores\ContadorDisplay\reloj.asm
                     CI_B   0x000050    program     static C:\PIC_PROGS\Microcontroladores\ContadorDisplay\reloj.asm
                     CI_A   0x000052    program     static C:\PIC_PROGS\Microcontroladores\ContadorDisplay\reloj.asm


