MPLINK 4.49, Linker
Linker Map File - Created Thu May 02 16:34:20 2019

                                 Section Info
                  Section       Type    Address   Location Size(Bytes)
                ---------  ---------  ---------  ---------  ---------
                   .org_0       code   0x000000    program   0x000000
                   .org_1       code   0x000000    program   0x0000ec
     .config_2007_SLAVE.O       code   0x002007    program   0x000002
     .config_2008_SLAVE.O       code   0x002008    program   0x000002



                              Program Memory Usage 
                               Start         End      
                           ---------   ---------      
                            0x000000    0x000075      
                            0x002007    0x002008      
            120 out of 8455 program addresses used, program memory utilization is 1%



                              Symbols - Sorted by Name
                     Name    Address   Location    Storage File                     
                ---------  ---------  ---------  --------- ---------                
                     MAIN   0x000023    program     static C:\PIC_PROGS\Microcontroladores\SPI\slave.asm
                    R10MS   0x00006d    program     static C:\PIC_PROGS\Microcontroladores\SPI\slave.asm
                  RECEIVE   0x000061    program     static C:\PIC_PROGS\Microcontroladores\SPI\slave.asm



                              Symbols - Sorted by Address
                     Name    Address   Location    Storage File                     
                ---------  ---------  ---------  --------- ---------                
                     MAIN   0x000023    program     static C:\PIC_PROGS\Microcontroladores\SPI\slave.asm
                  RECEIVE   0x000061    program     static C:\PIC_PROGS\Microcontroladores\SPI\slave.asm
                    R10MS   0x00006d    program     static C:\PIC_PROGS\Microcontroladores\SPI\slave.asm


