MPLINK 4.49, Linker
Linker Map File - Created Thu Apr 18 12:55:19 2019

                                 Section Info
                  Section       Type    Address   Location Size(Bytes)
                ---------  ---------  ---------  ---------  ---------
                   .org_0       code   0x000000    program   0x000000
                   .org_1       code   0x000000    program   0x000068
       .config_2007_SPI.O       code   0x002007    program   0x000002
       .config_2008_SPI.O       code   0x002008    program   0x000002



                              Program Memory Usage 
                               Start         End      
                           ---------   ---------      
                            0x000000    0x000033      
                            0x002007    0x002008      
            54 out of 8455 program addresses used, program memory utilization is 0%



                              Symbols - Sorted by Name
                     Name    Address   Location    Storage File                     
                ---------  ---------  ---------  --------- ---------                
                      C_P   0x000016    program     static C:\PIC_PROGS\Microcontroladores\SPI\SPI.asm
                      ENV   0x000022    program     static C:\PIC_PROGS\Microcontroladores\SPI\SPI.asm
                     LOOP   0x00002f    program     static C:\PIC_PROGS\Microcontroladores\SPI\SPI.asm
                    R10MS   0x00002b    program     static C:\PIC_PROGS\Microcontroladores\SPI\SPI.asm
                     SEND   0x00001d    program     static C:\PIC_PROGS\Microcontroladores\SPI\SPI.asm



                              Symbols - Sorted by Address
                     Name    Address   Location    Storage File                     
                ---------  ---------  ---------  --------- ---------                
                      C_P   0x000016    program     static C:\PIC_PROGS\Microcontroladores\SPI\SPI.asm
                     SEND   0x00001d    program     static C:\PIC_PROGS\Microcontroladores\SPI\SPI.asm
                      ENV   0x000022    program     static C:\PIC_PROGS\Microcontroladores\SPI\SPI.asm
                    R10MS   0x00002b    program     static C:\PIC_PROGS\Microcontroladores\SPI\SPI.asm
                     LOOP   0x00002f    program     static C:\PIC_PROGS\Microcontroladores\SPI\SPI.asm


